// Jest Snapshot v1, https://goo.gl/fbAQLP

exports[`SearchForm should match the snapshot 1`] = `
<form>
  <input
    name="searchBar"
    onChange={[Function]}
    placeholder="Search for news articles here"
    type="text"
    value=""
  />
  <button
    onClick={[Function]}
  >
    Search Now
  </button>
</form>
`;
